// Vitest Snapshot v1, https://vitest.dev/guide/snapshot.html

exports[`renderReport > matches the rendered markdown snapshot 1`] = `
"# Standards Review

**Confidence:** HIGH

## Tier 1 — Blocking mechanical defects (CI)

- \`src/auth/login.ts:3\` — Unit test 'mints a token' failed. _(ci/test-failure)_

## Tier 2 — Convention band

- \`src/auth/login.ts:12\` — Use camelCase for local variables. _(naming/camelCase)_"
`;
